
╔════════════════════════════════════════════════════════╗
║  API-Sentinel: Comprehensive Local Test Suite          ║
║  Validating all components, protocols & architecture   ║
╚════════════════════════════════════════════════════════╝


═══════════════════════════════════════════════════════
  TEST SUITE 1: Library Unit Tests (44 tests)
═══════════════════════════════════════════════════════
[0;32m[✓ PASS][0m All 44 library unit tests passed
